// Jest Snapshot v1, https://goo.gl/fbAQLP

exports[`CartCard unit tests should render correctly 1`] = `
<View
  style={
    {
      "borderColor": "#BDBDBD",
      "flexDirection": "row",
      "margin": 8,
    }
  }
  testID="test_cartcard"
>
  <Image
    resizeMode="contain"
    source={
      {
        "uri": "https://motorolaus.vtexassets.com/arquivos/ids/162812/thinkphone-pdp-ecom-render-1-carbon-black-n5re8wvk.png?v=638084623518870000",
      }
    }
    style={
      {
        "height": 100,
        "margin": 8,
        "width": 100,
      }
    }
  />
  <View
    style={
      {
        "alignItems": "center",
        "justifyContent": "center",
        "paddingLeft": 8,
      }
    }
  >
    <View>
      <Text
        style={
          {
            "fontFamily": "Lato-Bold",
            "fontSize": 15,
          }
        }
      >
        ThinkPhone
      </Text>
      <Text
        style={
          {
            "fontFamily": "Lato-Regular",
            "fontSize": 13,
          }
        }
      >
        Adet: 
      </Text>
      <Text
        style={
          {
            "fontFamily": "Lato-BoldItalic",
          }
        }
      >
        17.500
         TL
      </Text>
    </View>
  </View>
  <View
    style={
      {
        "alignItems": "flex-end",
        "flex": 1,
        "justifyContent": "center",
        "padding": 4,
      }
    }
  >
    <View
      style={
        {
          "alignItems": "center",
          "flexDirection": "row",
          "justifyContent": "center",
        }
      }
    >
      <View
        accessible={true}
        collapsable={false}
        focusable={true}
        onClick={[Function]}
        onResponderGrant={[Function]}
        onResponderMove={[Function]}
        onResponderRelease={[Function]}
        onResponderTerminate={[Function]}
        onResponderTerminationRequest={[Function]}
        onStartShouldSetResponder={[Function]}
        style={
          {
            "alignItems": "center",
            "backgroundColor": "#DB040E",
            "borderRadius": 20,
            "height": 25,
            "justifyContent": "center",
            "marginHorizontal": 8,
            "opacity": 1,
            "width": 25,
          }
        }
        testID="test_cartcard_inputcounter_increase_touchable"
      >
        <Text
          style={
            {
              "color": "#FBFBFB",
              "fontFamily": "Lato-Black",
              "fontSize": 15,
            }
          }
        >
          +
        </Text>
      </View>
      <Text
        style={
          {
            "fontFamily": "Lato-Black",
            "fontSize": 17,
          }
        }
        testID="test_cartcard_inputcounter_value_text"
      />
      <View
        accessible={true}
        collapsable={false}
        focusable={true}
        onClick={[Function]}
        onResponderGrant={[Function]}
        onResponderMove={[Function]}
        onResponderRelease={[Function]}
        onResponderTerminate={[Function]}
        onResponderTerminationRequest={[Function]}
        onStartShouldSetResponder={[Function]}
        style={
          {
            "alignItems": "center",
            "backgroundColor": "#DB040E",
            "borderRadius": 20,
            "height": 25,
            "justifyContent": "center",
            "marginHorizontal": 8,
            "opacity": 1,
            "width": 25,
          }
        }
        testID="test_cartcard_inputcounter_decrease_touchable"
      >
        <Text
          style={
            {
              "color": "#FBFBFB",
              "fontFamily": "Lato-Black",
              "fontSize": 15,
            }
          }
        >
          -
        </Text>
      </View>
    </View>
    <Text
      style={
        {
          "bottom": 5,
          "fontFamily": "Lato-Black",
          "fontSize": 15,
          "position": "absolute",
          "right": 5,
        }
      }
    >
      <Text
        style={
          {
            "fontFamily": "Lato-Regular",
          }
        }
      >
        Toplam:
      </Text>
       
      NaN
       TL
    </Text>
  </View>
</View>
`;
